src/components/clientes/ClientPasswords.tsx(322,18): error TS2304: Cannot find name 'X'.
supabase/functions/manage-team/index.ts(11,14): error TS7006: Parameter 'req' implicitly has an 'any' type.
supabase/functions/manage-team/manage-team-dashboard-copy.ts(11,14): error TS7006: Parameter 'req' implicitly has an 'any' type.
supabase/functions/shared-calendar/index.ts(1,23): error TS2307: Cannot find module 'https://deno.land/std@0.168.0/http/server.ts' or its corresponding type declarations.
supabase/functions/shared-calendar/index.ts(2,30): error TS2307: Cannot find module 'https://esm.sh/@supabase/supabase-js@2' or its corresponding type declarations.
supabase/functions/shared-calendar/index.ts(9,14): error TS7006: Parameter 'req' implicitly has an 'any' type.
supabase/functions/shared-calendar/index.ts(24,7): error TS2304: Cannot find name 'Deno'.
supabase/functions/shared-calendar/index.ts(25,7): error TS2304: Cannot find name 'Deno'.
